// Jest Snapshot v1, https://goo.gl/fbAQLP

exports[`Chat Renders Correctly 1`] = `
<div
  className="width-[100%] bg-white rounded-lg mt-1 text-left p-1 grid grid-cols-2 mr-2"
>
  <div>
    <span
      className="mr-[5px]"
      style={
        {
          "color": "#133337",
        }
      }
    >
      <a
        className="hover:font-bold cursor-pointer"
        href="/user?uid=undefined"
        onClick={[Function]}
        onMouseEnter={[Function]}
        onTouchStart={[Function]}
      >
        TestUser
      </a>
    </span>
    Hello, World!
  </div>
  <div
    className="text-right text-[#d1d1d1]"
  >
    3/15/2024, 2:39:06 PM
  </div>
</div>
`;
