// Jest Snapshot v1, https://goo.gl/fbAQLP

exports[`ChatRoomSidebar Renders Correctly 1`] = `
<div
  className="border-[black] border-1 shadow-lg p-2 m-2 rounded-lg cursor-pointer"
>
  <a
    href="/chat?room=undefined/TestRoom-undefined"
    onClick={[Function]}
    onMouseEnter={[Function]}
    onTouchStart={[Function]}
  >
    <div
      className="grid grid-cols-3"
    >
      <div
        onMouseEnter={[Function]}
        onMouseLeave={[Function]}
      >
        <svg
          aria-hidden={true}
          className="MuiSvgIcon-root MuiSvgIcon-fontSizeMedium css-i4bv87-MuiSvgIcon-root"
          data-testid="PersonIcon"
          focusable="false"
          viewBox="0 0 24 24"
        >
          <path
            d="M12 12c2.21 0 4-1.79 4-4s-1.79-4-4-4-4 1.79-4 4 1.79 4 4 4m0 2c-2.67 0-8 1.34-8 4v2h16v-2c0-2.66-5.33-4-8-4"
          />
        </svg>
        <div>
          0
           / 
          0
        </div>
      </div>
      <div
        className="col-span-2"
      >
        <div
          className="font-bold"
        >
          TestRoom
        </div>
        <div
          className="italic"
        >
          This is a test room.
        </div>
      </div>
    </div>
  </a>
</div>
`;
