// Jest Snapshot v1, https://goo.gl/fbAQLP

exports[`RMF Renders Correctly 1`] = `
<div
  className="border-[black] border-1 shadow-lg m-2 rounded-lg"
>
  <div
    className="grid grid-cols-4"
  >
    <div
      className="place-content-center"
    >
      <svg
        aria-hidden={true}
        className="MuiSvgIcon-root MuiSvgIcon-fontSizeMedium cursor-pointer css-i4bv87-MuiSvgIcon-root"
        data-testid="ChatIcon"
        focusable="false"
        onClick={[Function]}
        viewBox="0 0 24 24"
      >
        <path
          d="M20 2H4c-1.1 0-1.99.9-1.99 2L2 22l4-4h14c1.1 0 2-.9 2-2V4c0-1.1-.9-2-2-2M6 9h12v2H6zm8 5H6v-2h8zm4-6H6V6h12z"
        />
      </svg>
    </div>
    <div
      className="col-span-3 cursor-pointer"
    >
      <div
        onClick={[Function]}
      >
        <div
          className="grid grid-cols-2 justify-items-center"
        >
          <div
            className="mr-8"
          >
            <img
              className="w-[50px] h-[50px]"
              src="https://th.bing.com/th/id/OIP.K5VoTfw97JiEc1OBODAjmQHaHO?rs=1&pid=ImgDetMain"
            />
          </div>
          <div
            className=""
          >
            <div
              className="font-bold"
            >
              <svg
                aria-hidden={true}
                className="MuiSvgIcon-root MuiSvgIcon-fontSize20px text-lime-600 mr-1 relative top-[-2px] css-821wyw-MuiSvgIcon-root"
                data-testid="CircleIcon"
                focusable="false"
                viewBox="0 0 24 24"
              >
                <path
                  d="M12 2C6.47 2 2 6.47 2 12s4.47 10 10 10 10-4.47 10-10S17.53 2 12 2"
                />
              </svg>
              Test
               
              Friend
            </div>
            <div
              className=""
            >
              @
              TestUser
            </div>
          </div>
        </div>
      </div>
    </div>
  </div>
</div>
`;
